august 19
people
rain
tin
mali
tiger
urea
pardi
sonar
politicians
ghana
april 20
spain
judo
september 4
srinagar
gada
rajma
shahada
veena
goa
shahgarh
may 10
december 4
april 5
march 2
rhythm
teak
saang
drought
jaundice
debagarh
kali
cheese
yoga
farm
line
blood
websites
science
woman
flood
news
city
industry
religion
job
soul
facebook
about
curry
تفکر
time
4
hair
10
data
fruit
diwali
january
gujarati
vadodara
gandhinagar
occupations
dahida
wisdom
shakuni
washim
mamit
surdas
kripa
kalpeshwar
thulium
shudra
mareez
sindhi
september 30
august 30
divisor
jannah
novel
vaishya
varuna
mecca
moon
rajula
yemen
borsad
journalists
shruti
ranpur
sattal
loteshwar
raskhan
pilvai
boron
history
jacuzzi
colon
sperm
salt
london
fat
subir
october 4
raj kapoor
kutch state
sanjaya
music of india
mukesh
june 5
january 5
thursday
october 20
natural rubber
june 20
mandal gujarat
pali rajasthan
gujarati people
uttar pradesh
diarrhea
panchayat samiti
karma in jainism
islamic eschatology
kakar banaskantha
district councils of india
hawai arunachal pradesh
amorphophallus paeoniifolius
pandu
march 7
peshwa
march 29
august 18
beard
march 6
march 13
april 9
muhurta
vadli
gajana
narsanda
kajol
loans
march 24
iravan
sarnath
pistachio
uttarakhand
suvi river
february 26
bodvank
eklingji
south korea
lok sabha
entomology
damoh
kapil dev
newar language
atikaya
parikshit
sosyo
andada
april 8
may 26
papadum
bhalala
kanku
decade
sinor
argon
chutney
indium
bantva
not english
vellore
malad
september 13
godhra
submarine
punsari
december 12
kunti
vatav
ravidas
south asia
karachi
crab
kalavad
bhopal
bhadli
april 27
september 24
juna ugla
june 30
shivpuri
february 15
mahabaleshwar
bharasar
user hi2
santrampur
february 17
january 26
ladakh
shalya
october 17
dowry
motisar
january 6
erbium
northern pintail
sarsa kheda
nawanagar state
talala gujarat
panch kedar
changa anand
water buffalo
bharuch ina
saraca asoca
noah in islam
somnath temple
arvi wardha
eudynamys
history of kutch
narasimha
sardoi
june 9
train to pakistan
jabalpur
sarsavani
june 29
rajendra shah
october 8
january 23
nazism
nandurbar
matana village
prabhas
october 29
sikka india
october 25
western ghats
vijayawada
democracy
january 7
vijay yadav
childbirth
aparigraha
algebra
gomukh
kachori
lakadiya
areca nut
khirsu
sherlock
tonk india
economy of india
toto language
rigveda
vegetarianism
tansen
mexico
metalloid
ganthiya
margarine
morvada
navasana
tamarind
lapasari
namibia
goladara
punjabi
gold standard
agra division
dhanbad
garam masala
bamroda
radius
ringtone
social workers
shitala
airlift
england
simdega
nabhi
beijing
katihar
brunei
tarsali
achhod
twitter
cancer
udvada
alcoholism
gozaria
rander
kabul river
ooty
fodder
vegetable
isnav
babariya
viraval navsari
jasminum sambac
bridges in india
chikhli gujarat
nagalpur mandvi
kalol gandhinagar
madhuca longifolia
magnolia champaca
contemporary folk music
andrographis paniculata
calotropis gigantea
gargi vachaknavi
bajana surendranagar district
korba chhattisgarh
sovereign states of europe
kangra himachal pradesh
tickells blue flycatcher
manali himachal pradesh
kumari kanchan dinkerao mail
waghura
chekitana
uttanasana
president of india
prambanan
jhilariya
upanishads
nargis
tehri dam
mumbai metro
navadurga
mangala sutra
seti zone
jalalpore
zubeida
harivamsa
acdc
indian national calendar
caesium
vaitarna
bhechada
chhetri
balachadi
bhankodar
kayla river
hydroplane
samastipur
rama navami
star wars
bhumbhali
singapore
chanasma
ravi shastri
almora
munger
tithi
wiktionary
marathi literature
parbati river
dolatpar
yttrium
sundergarh
prahlada
nabarangpur
limbhoi
badrinath
ram jhula
strawberry
absurdism
pregnancy
vakhtapur
ronaldo
dumas beach
modheshwari
deoria tal
denpasar
bochasan
padmarani
jaragli
kachholi
varuna river
koyna river
devanagari
rhetoric
odisha
aluminium
rohu
educators
anfield
curium
wireless security
algeria
main page
charkha
marco polo
platinum
slavery
panna dai
maharashtra
kolhapur
production engineering
global health
kuldhara
tukaram
yudhishthira
narendra hirwani
vishvesh parmar
ahmedabad collectorate
chief ministers of gujarat
mohan nath goswami
hirubhai m patel
erythrina variegata
kashi vishwanath temple
universities and colleges in gujarat
hamirpur himachal pradesh
manubhai mehta
indian film actresses
ghunteli
sondur dam
bhakta vidur
motibanugar
cuddalore
presidents of india
sanskar kendra
amit jethwa
chhinnapatra
pipavav
satyajit ray
dumara gujarat
bajatey raho
ashtavakra
jet aircraft
nirma university
uncategorized
vinod bhatt
vishvamitra
forts in india
dnyaneshwari
surat shabd yoga
ephedrine
kiran bedi
colors gujarati
dhani nallah
kukarmunda
kapadvanj
mahatma gandhi
disha vakani
bhadrambhadra
eid aladha
waste management
ethiopia
little grebe
qotd
mahakali zone
beja state
wikimapia
vashishti river
ayesha jalal
brian lara
vikramaditya
agnivesa
rajat prapat
bihar regiment
programming languages
turkish language
amrut ghayal
chedi kingdom
bagh caves
mahbubnagar
tripiṭaka
ranjit singh
garo hills
jancy james
sangavadi river
kankawati river
sima guang
johar valley
bhavni bhavai
krishnavatara
deadmau5
in the news
nitrogen
basti division
sahebganj
kodaikanal
hyderabad
july 25
ice cream
kate upton
energy conservation
kalubhar river
viluppuram
colosseum
pashtuns
nako lake
health in india
digital marketing
gauri kund
swetha river
bheri zone
actinium
bhumman shah
mandsaur
bird migration
munger division
investment banking
sangareddy
tina ambani
ninai falls
july 6
tirthankara
nobelium
agronomy
salt march
indian ocean
lunglei
tata indica
the emergency
image scanner
greenhouse
gulf war
timba state
hoshangabad
american gangster
carburetor
british asian
iron man
bagmati zone
ratnagiri
hill stations
meitnerium
kolar district
liberty stadium
gates of ahmedabad
amrit keshav nayak
forts in rajasthan
javagal srinath
trimbakeshwar shiva temple
districts of uttar pradesh
list of governors of gujarat
list of chief ministers of maharashtra
prahalad chunnilal vaidya
list of gujaratilanguage magazines
bharatiya jana sangh
varun kumar
jugatram dave
teji bachchan
columbidae
anila dalal
katraj ghat
physics
ahmedabad district
vaishno devi
mughal architecture
tapan misra
banas dairy
mithi rohar
utavali river
dd girnar
bhurishravas
shirish panchal
shailaputri
duleepsinhji
sudarshana chakra
nilgiri mountains
vishwamitri river
kashmir valley
statue of equality
tantia bhīl
jayant gadit
ajay jadeja
somnath sharma
the park chennai
gujarat vidyapith
surya namaskār
lokanatha swami
mahakali caves
languages of india
charaka samhita
varāhamihira
caribbean sea
esther david
mrinal sen
jaigarh fort
nandita das
kullu valley
rekha godbole
narayani zone
pablo neruda
independence activists
shrimp farming
nubra valley
churachandpur
george soros
sarkhejokaf
yang chenning
mahadev desai
rudraprayag
the grenadiers
bansda state
muzaffarpur
the alchemist
indian highways network
parmarth niketan
mehdi nawaz jung
national parks of india
anton chekhov
hemant karkare
kolaba fort
life of pi
malayalam
los angeles
amer fort
uttarakhand
tehsildar
timbuktu
doddabetta
simon commission
ewood park
warli painting
abkhazia
essar group
osmanabad
fiji hindi
personal area network
einsteinium
vijayray vaidya
günter grass
dadasaheb torne
virgin atlantic
vijender singh
meghnad saha
photosynthesis
naomi osaka
infobox medical condition
cities in europe
willis carrier
pampa sarovar
turf moor
vande mataram
kollam district
rajiv dixit
bhiwani district
jajpur district
antarctica
baksa district
bagpat district
botad district
vellore district
transport for london
cachar district
durvasa
binary star
faizabad division
christmas island
jind district
erode district
gumla district
arwal district
shimla district
atharvan
jatashankar
radcliffe line
maratha empire
balel pipariya
prakasam district
north goa district
bhadrak district
amaramkavu
mundeshwari temple
preity zinta
kalindi kunj
indian badminton players
computer hardware
chemical elements
computer keyboard
operation flood
computer virus
cambay state
darrang district
dahod district
umaria district
raipur district
shahdol district
haldighati
ravindra prabhat
himalayan snowcock
darshana jardosh
shiamak davar
western marsh harrier
yajnavalkya
bertrand russell
joseph fourier
v s naipaul
brahmo samaj
unidentified flying object
love umr kalakaar
combustibility and flammability
dugarwadi waterfall
mallikarjuna jyotirlinga
stretched rohini satellite series
hansa jivraj mehta
pawan kumar chamling
chitrakoot madhya pradesh
bedini bugyal
marine pollution
internet protocol
fossil fuel
mahuva surat
abdus salam
geographic location
sindewahi
raigad district
bankura district
kaimur district
virudhunagar district
cardiff city stadium
madhubani district
east siang district
karimganj district
purple sunbird
sundergarh district
rukmini devi temple
mysore district
vijaygupta maurya
umaid bhawan palace
bhogilal sandesara
khajrana ganesh temple
psammophis leithii
mansukhlal jhaveri
amritavarshini vav
kalyanji–anandji
engineering universities and colleges in india
wildlife sanctuaries in gujarat
list of chief ministers of nagaland
battle of bhuchar mori
dhirubhai ambani
vidarbha express
garhwa district
somma volcano
thoubal district
wikipedia scripts
sharad purnima
mahendragarh district
dhamtari district
aurangzeb
narmada district
sunita narain
azerbaijan
verghese kurien
sachin tendulkar
cyril ramaphosa
arif alvi
virender sehwag
cubic zirconia
national highway 1d
charles babbage
dhinodhar hills
bhalchandra nemade
chandanapuri ghat
leleti khumalo
knights templar
sarojini naidu
national highway 1c
bhagvat singh
sarita gayakwad
bibi ka maqbara
kalachuri dynasty
infobox hindu deity
association football
url
flag of nepal
international standard book number
flag of chad
singrauli district
flag of bahrain
border roads organisation
vijaya stambha
gospel of mark
thomas edison
kokrajhar district
why create an account
ujjain district
george washington
airports authority of india
jainism templates
flag of jamaica
har gobind khorana
jhalawar district
sabarkantha district
thimphu district
kanyakumari district
indian national army
blackheaded cuckooshrike
treaty on the nonproliferation of nuclear weapons
list of chief ministers of arunachal pradesh
jasmalnathji mahadev temple
list of state highways in gujarat
jagat shiromani temple amer
kanaiyalal maneklal munshi
constitution of south africa
leptospirosis
m f husain
gulbarga district
nabarangpur district
coimbatore district
west kameng district
mahisagar district
kunal ganjawala
shweta tiwari
fort george bombay
thotupola kanda
rajputana rifles
maurya empire
srilankan airlines
nishanepakistan
hillsborough stadium
behramji malabari
bhavnath temple mau
afghan afghani
2017 indian presidential election
mandapeshwar caves
navsari agricultural university
linus torvalds
byomkesh bakshi
afghanistan cricket board
4th gorkha rifles
the taj mahal palace hotel
mithun chakraborty
madan mohan malaviya
history of the yosemite area
sarvepalli radhakrishnan
1991 rudrapur bombings
bernardo houssay
equinox
nlc india limited
electromagnetic wave
turhan hatice sultan
major depressive disorder
flag of lithuania
abdulgani dahiwala
disambiguation pages
ukai thermal power station
flag of the dominican republic
kalika mata temple old dhrewad
pushpdan shambhudan gadhavi
prabhatsinh pratapsinh chauhan
blackburn rovers fc
uefa euro 2012 group a
nazi party
tanahun district
great pyramid of giza
lamjung district
southampton fc
crystal palace fc
india political party colour templates
list of bollywood films of 2015
janjgir–champa district
bhairon singh shekhawat
joginder jaswant singh
pandurang shastri athavale
shri nathjidada ni jagya
laxman sivaramakrishnan
sawantwadi road railway station
siddhagiri gramjivan museum
jumla district
flag of indonesia
lunglei district
sandbox templates
tutorialtabsheader
visakhapatnam district
tamenglong district
raniji ki baori
alexander fleming
1991 punjab killings
anantrai raval
jai vilas mahal
pauri garhwal district
1979 machchhu dam failure
akkana madanna caves
rajnandgaon district
leaning tower of pisa
sapnon se bhare naina
okhamandal state railway
bholanath and devendra pandey
nagapattinam district
all articles to be expanded
danny denzongpa
jubilee maidan ground
ratnamanirao jote
indus valley civilisation sites
dhrangadhra railway
laishram jyotin singh
mount abu infrared observatory
ganesh vasudev mavalankar
hiroshima peace memorial
pandit deendayal upadhyay indoor stadium
west bromwich albion fc
sarvajanik college of engineering and technology
wikipedia asian month2015
gir national park
san francisco international airport
andaman and nicobar islands
chausath yogini temple morena
list of sanskrit universities in india
udaypur wildlife sanctuary
mitiyala wildlife sanctuary
jammu and kashmir light infantry
